Collecting astrapy
  Downloading astrapy-2.2.1-py3-none-any.whl.metadata (33 kB)
Requirement already satisfied: mistralai in C:\Users\neorh\AppData\Local\Programs\Python\Python312\Lib\site-packages (2.4.2)
Requirement already satisfied: pydantic in C:\Users\neorh\AppData\Local\Programs\Python\Python312\Lib\site-packages (2.13.0)
Requirement already satisfied: httpx in C:\Users\neorh\AppData\Local\Programs\Python\Python312\Lib\site-packages (0.28.1)
Requirement already satisfied: python-dotenv in C:\Users\neorh\AppData\Local\Programs\Python\Python312\Lib\site-packages (1.2.2)
Collecting deprecation~=2.1.0 (from astrapy)
  Downloading deprecation-2.1.0-py2.py3-none-any.whl.metadata (4.6 kB)
Requirement already satisfied: h11>=0.16.0 in C:\Users\neorh\AppData\Local\Programs\Python\Python312\Lib\site-packages (from astrapy) (0.16.0)
Collecting ipython>=8.0.0 (from astrapy)
  Downloading ipython-9.13.0-py3-none-any.whl.metadata (4.6 kB)
Collecting pymongo>=3 (from astrapy)
  Downloading pymongo-4.17.0-cp312-cp312-win_amd64.whl.metadata (10 kB)
Collecting toml<1.0.0,>=0.10.2 (from astrapy)
  Downloading toml-0.10.2-py2.py3-none-any.whl.metadata (7.1 kB)
Requirement already satisfied: typing-extensions>=4.0 in C:\Users\neorh\AppData\Local\Programs\Python\Python312\Lib\site-packages (from astrapy) (4.15.0)
Collecting uuid6>=2024.1.12 (from astrapy)
  Downloading uuid6-2025.0.1-py3-none-any.whl.metadata (10 kB)
Requirement already satisfied: anyio in C:\Users\neorh\AppData\Local\Programs\Python\Python312\Lib\site-packages (from httpx) (4.13.0)
Requirement already satisfied: certifi in C:\Users\neorh\AppData\Local\Programs\Python\Python312\Lib\site-packages (from httpx) (2023.11.17)
Requirement already satisfied: httpcore==1.* in C:\Users\neorh\AppData\Local\Programs\Python\Python312\Lib\site-packages (from httpx) (1.0.9)
Requirement already satisfied: idna in C:\Users\neorh\AppData\Local\Programs\Python\Python312\Lib\site-packages (from httpx) (3.11)
Requirement already satisfied: packaging in C:\Users\neorh\AppData\Local\Programs\Python\Python312\Lib\site-packages (from deprecation~=2.1.0->astrapy) (26.0)
Requirement already satisfied: h2<5,>=3 in C:\Users\neorh\AppData\Local\Programs\Python\Python312\Lib\site-packages (from httpx[http2]<1,>=0.25.2->astrapy) (4.3.0)
Requirement already satisfied: hyperframe<7,>=6.1 in C:\Users\neorh\AppData\Local\Programs\Python\Python312\Lib\site-packages (from h2<5,>=3->httpx[http2]<1,>=0.25.2->astrapy) (6.1.0)
Requirement already satisfied: hpack<5,>=4.1 in C:\Users\neorh\AppData\Local\Programs\Python\Python312\Lib\site-packages (from h2<5,>=3->httpx[http2]<1,>=0.25.2->astrapy) (4.1.0)
Requirement already satisfied: eval-type-backport>=0.2.0 in C:\Users\neorh\AppData\Local\Programs\Python\Python312\Lib\site-packages (from mistralai) (0.3.1)
Requirement already satisfied: jsonpath-python>=1.0.6 in C:\Users\neorh\AppData\Local\Programs\Python\Python312\Lib\site-packages (from mistralai) (1.1.5)
Requirement already satisfied: opentelemetry-api<2.0.0,>=1.33.1 in C:\Users\neorh\AppData\Local\Programs\Python\Python312\Lib\site-packages (from mistralai) (1.39.1)
Requirement already satisfied: opentelemetry-semantic-conventions<0.61,>=0.60b1 in C:\Users\neorh\AppData\Local\Programs\Python\Python312\Lib\site-packages (from mistralai) (0.60b1)
Requirement already satisfied: python-dateutil>=2.8.2 in C:\Users\neorh\AppData\Local\Programs\Python\Python312\Lib\site-packages (from mistralai) (2.9.0.post0)
Requirement already satisfied: typing-inspection>=0.4.0 in C:\Users\neorh\AppData\Local\Programs\Python\Python312\Lib\site-packages (from mistralai) (0.4.2)
Requirement already satisfied: importlib-metadata<8.8.0,>=6.0 in C:\Users\neorh\AppData\Local\Programs\Python\Python312\Lib\site-packages (from opentelemetry-api<2.0.0,>=1.33.1->mistralai) (8.7.1)
Requirement already satisfied: zipp>=3.20 in C:\Users\neorh\AppData\Local\Programs\Python\Python312\Lib\site-packages (from importlib-metadata<8.8.0,>=6.0->opentelemetry-api<2.0.0,>=1.33.1->mistralai) (3.23.1)
Requirement already satisfied: annotated-types>=0.6.0 in C:\Users\neorh\AppData\Local\Programs\Python\Python312\Lib\site-packages (from pydantic) (0.7.0)
Requirement already satisfied: pydantic-core==2.46.0 in C:\Users\neorh\AppData\Local\Programs\Python\Python312\Lib\site-packages (from pydantic) (2.46.0)
Requirement already satisfied: colorama>=0.4.4 in C:\Users\neorh\AppData\Local\Programs\Python\Python312\Lib\site-packages (from ipython>=8.0.0->astrapy) (0.4.6)
Collecting decorator>=5.1.0 (from ipython>=8.0.0->astrapy)
  Downloading decorator-5.2.1-py3-none-any.whl.metadata (3.9 kB)
Collecting ipython-pygments-lexers>=1.0.0 (from ipython>=8.0.0->astrapy)
  Downloading ipython_pygments_lexers-1.1.1-py3-none-any.whl.metadata (1.1 kB)
Collecting jedi>=0.18.2 (from ipython>=8.0.0->astrapy)
  Downloading jedi-0.20.0-py2.py3-none-any.whl.metadata (23 kB)
Collecting matplotlib-inline>=0.1.6 (from ipython>=8.0.0->astrapy)
  Downloading matplotlib_inline-0.2.1-py3-none-any.whl.metadata (2.3 kB)
Collecting prompt_toolkit<3.1.0,>=3.0.41 (from ipython>=8.0.0->astrapy)
  Downloading prompt_toolkit-3.0.52-py3-none-any.whl.metadata (6.4 kB)
Collecting psutil>=7 (from ipython>=8.0.0->astrapy)
  Downloading psutil-7.2.2-cp37-abi3-win_amd64.whl.metadata (22 kB)
Requirement already satisfied: pygments>=2.14.0 in C:\Users\neorh\AppData\Local\Programs\Python\Python312\Lib\site-packages (from ipython>=8.0.0->astrapy) (2.20.0)
Collecting stack_data>=0.6.0 (from ipython>=8.0.0->astrapy)
  Downloading stack_data-0.6.3-py3-none-any.whl.metadata (18 kB)
Collecting traitlets>=5.13.0 (from ipython>=8.0.0->astrapy)
  Downloading traitlets-5.14.3-py3-none-any.whl.metadata (10 kB)
Collecting wcwidth (from prompt_toolkit<3.1.0,>=3.0.41->ipython>=8.0.0->astrapy)
  Downloading wcwidth-0.7.0-py3-none-any.whl.metadata (36 kB)
Collecting parso<0.9.0,>=0.8.6 (from jedi>=0.18.2->ipython>=8.0.0->astrapy)
  Downloading parso-0.8.7-py2.py3-none-any.whl.metadata (8.2 kB)
Requirement already satisfied: dnspython<3.0.0,>=2.6.1 in C:\Users\neorh\AppData\Local\Programs\Python\Python312\Lib\site-packages (from pymongo>=3->astrapy) (2.8.0)
Requirement already satisfied: six>=1.5 in C:\Users\neorh\AppData\Local\Programs\Python\Python312\Lib\site-packages (from python-dateutil>=2.8.2->mistralai) (1.17.0)
Collecting executing>=1.2.0 (from stack_data>=0.6.0->ipython>=8.0.0->astrapy)
  Downloading executing-2.2.1-py2.py3-none-any.whl.metadata (8.9 kB)
Collecting asttokens>=2.1.0 (from stack_data>=0.6.0->ipython>=8.0.0->astrapy)
  Downloading asttokens-3.0.1-py3-none-any.whl.metadata (4.9 kB)
Collecting pure-eval (from stack_data>=0.6.0->ipython>=8.0.0->astrapy)
  Downloading pure_eval-0.2.3-py3-none-any.whl.metadata (6.3 kB)
Downloading astrapy-2.2.1-py3-none-any.whl (353 kB)
Downloading deprecation-2.1.0-py2.py3-none-any.whl (11 kB)
Downloading toml-0.10.2-py2.py3-none-any.whl (16 kB)
Downloading ipython-9.13.0-py3-none-any.whl (627 kB)
Downloading prompt_toolkit-3.0.52-py3-none-any.whl (391 kB)
Downloading decorator-5.2.1-py3-none-any.whl (9.2 kB)
Downloading ipython_pygments_lexers-1.1.1-py3-none-any.whl (8.1 kB)
Downloading jedi-0.20.0-py2.py3-none-any.whl (4.9 MB)
Downloading parso-0.8.7-py2.py3-none-any.whl (107 kB)
Downloading matplotlib_inline-0.2.1-py3-none-any.whl (9.5 kB)
Downloading psutil-7.2.2-cp37-abi3-win_amd64.whl (137 kB)
Downloading pymongo-4.17.0-cp312-cp312-win_amd64.whl (920 kB)
Downloading stack_data-0.6.3-py3-none-any.whl (24 kB)
Downloading asttokens-3.0.1-py3-none-any.whl (27 kB)
Downloading executing-2.2.1-py2.py3-none-any.whl (28 kB)
Downloading traitlets-5.14.3-py3-none-any.whl (85 kB)
Downloading uuid6-2025.0.1-py3-none-any.whl (7.0 kB)
Downloading pure_eval-0.2.3-py3-none-any.whl (11 kB)
Downloading wcwidth-0.7.0-py3-none-any.whl (110 kB)
Installing collected packages: pure-eval, wcwidth, uuid6, traitlets, toml, pymongo, psutil, parso, ipython-pygments-lexers, executing, deprecation, decorator, asttokens, stack_data, prompt_toolkit, matplotlib-inline, jedi, ipython, astrapy
Successfully installed astrapy-2.2.1 asttokens-3.0.1 decorator-5.2.1 deprecation-2.1.0 executing-2.2.1 ipython-9.13.0 ipython-pygments-lexers-1.1.1 jedi-0.20.0 matplotlib-inline-0.2.1 parso-0.8.7 prompt_toolkit-3.0.52 psutil-7.2.2 pure-eval-0.2.3 pymongo-4.17.0 stack_data-0.6.3 toml-0.10.2 traitlets-5.14.3 uuid6-2025.0.1 wcwidth-0.7.0

[notice] A new release of pip is available: 26.1 -> 26.1.1
[notice] To update, run: python.exe -m pip install --upgrade pip
