Hello from Uvicorn environment!

