2025-07-16 11:52:33,177 [INFO] 🚀 Запуск интеллектуальной генерации эмбеддингов...
2025-07-16 11:52:33,177 [INFO] 📥 Загрузка данных из holographic_memory_v1.json...
2025-07-16 11:53:10,939 [INFO] 🚀 Запуск интеллектуальной генерации эмбеддингов...
2025-07-16 11:53:10,940 [INFO] 📥 Загрузка данных из /home/neurocoderz/Projects/Holograms.Media/GitHub/holograms.media-main/tria-genkit-core/holographic_memory_v1.json...
2025-07-16 11:54:05,762 [INFO] ✅ Загружено 115377 записей
2025-07-16 11:54:06,288 [INFO] 🎯 Найдено 113008 записей для обработки из 115377 общих
2025-07-16 11:54:06,289 [INFO] 🔑 Загружено API-ключей: 2
2025-07-16 11:54:06,289 [INFO] 🔑 Используется ключ #1
2025-07-16 11:54:06,289 [INFO] 🔄 Обработка записи #2369...
2025-07-16 11:54:07,181 [INFO] 🔄 Обработка записи #2370...
2025-07-16 11:54:07,344 [WARNING] ⚠️ Ошибка генерации (попытка 1/5): 429 Resource has been exhausted (e.g. check quota).
2025-07-16 11:54:07,344 [WARNING] 🔄 Переключение на ключ #2 (лучшая статистика)
2025-07-16 11:54:07,345 [INFO] ⏳ Пауза 5.0 сек перед повтором...
2025-07-16 11:54:13,151 [INFO] 🔄 Обработка записи #2371...
2025-07-16 11:54:13,321 [WARNING] ⚠️ Ошибка генерации (попытка 1/5): 429 Resource has been exhausted (e.g. check quota).
2025-07-16 11:54:13,322 [WARNING] 🔄 Переключение на ключ #1 (лучшая статистика)
2025-07-16 11:54:13,322 [INFO] ⏳ Пауза 5.0 сек перед повтором...
2025-07-16 11:54:18,644 [WARNING] ⚠️ Ошибка генерации (попытка 2/5): 429 Resource has been exhausted (e.g. check quota).
2025-07-16 11:54:18,645 [WARNING] 🔄 Переключение на ключ #2 (лучшая статистика)
2025-07-16 11:54:18,645 [INFO] ⏳ Пауза 10.0 сек перед повтором...
2025-07-16 11:54:28,959 [WARNING] ⚠️ Ошибка генерации (попытка 3/5): 429 Resource has been exhausted (e.g. check quota).
2025-07-16 11:54:28,959 [WARNING] 🔄 Переключение на ключ #1 (лучшая статистика)
2025-07-16 11:54:28,959 [INFO] ⏳ Пауза 20.0 сек перед повтором...
2025-07-16 11:54:49,345 [WARNING] ⚠️ Ошибка генерации (попытка 4/5): 429 Resource has been exhausted (e.g. check quota).
2025-07-16 11:54:49,345 [WARNING] 🔄 Переключение на ключ #2 (лучшая статистика)
2025-07-16 11:54:49,346 [INFO] ⏳ Пауза 40.0 сек перед повтором...
2025-07-16 11:55:29,998 [WARNING] ⚠️ Ошибка генерации (попытка 5/5): 429 Resource has been exhausted (e.g. check quota).
2025-07-16 11:55:29,999 [WARNING] 🔄 Переключение на ключ #1 (лучшая статистика)
2025-07-16 11:55:29,999 [ERROR] ❌ Критическая ошибка при обработке записи #2371: Не удалось создать эмбеддинг после 5 попыток
2025-07-16 11:55:50,803 [INFO] 💾 Данные сохранены в /home/neurocoderz/Projects/Holograms.Media/GitHub/holograms.media-main/tria-genkit-core/holographic_memory_v1.json
2025-07-16 11:55:50,804 [INFO] 🎉 Обработка завершена!
2025-07-16 11:55:50,804 [INFO] 📊 Финальная статистика:
2025-07-16 11:55:50,804 [INFO]    • Обработано записей: 2
2025-07-16 11:55:50,804 [INFO]    • Время выполнения: 1.7 мин
2025-07-16 11:55:50,804 [INFO]    • Средняя скорость: 0.0 эмб/сек
2025-07-16 11:55:50,804 [INFO] 📊 Статистика использования ключей:
2025-07-16 11:55:50,805 [INFO]    Ключ #1: 4 запросов, успешность: 75.0%
2025-07-16 11:55:50,805 [INFO]    Ключ #2: 4 запросов, успешность: 75.0%
2025-07-16 11:57:42,093 [INFO] 🚀 Запуск интеллектуальной генерации эмбеддингов...
2025-07-16 11:57:42,094 [INFO] 📥 Загрузка данных из /home/neurocoderz/Projects/Holograms.Media/GitHub/holograms.media-main/tria-genkit-core/holographic_memory_v1.json...
2025-07-16 11:58:05,171 [INFO] ✅ Загружено 115377 записей
2025-07-16 11:58:05,630 [INFO] 🎯 Найдено 113006 записей для обработки из 115377 общих
2025-07-16 11:58:05,630 [INFO] 🔑 Загружено API-ключей: 2
2025-07-16 11:58:05,630 [INFO] 🔑 Используется ключ #1
2025-07-16 11:58:05,630 [INFO] 🔄 Обработка записи #2371...
2025-07-16 11:58:06,166 [WARNING] ⚠️ Ошибка генерации (попытка 1/5): 429 Resource has been exhausted (e.g. check quota).
2025-07-16 11:58:06,167 [WARNING] 🔄 Переключение на ключ #2 (лучшая статистика)
2025-07-16 11:58:06,167 [INFO] ⏳ Пауза 15.0 сек перед повтором...
2025-07-16 11:58:21,620 [WARNING] ⚠️ Ошибка генерации (попытка 2/5): 429 Resource has been exhausted (e.g. check quota).
2025-07-16 11:58:21,621 [WARNING] 🔄 Переключение на ключ #1 (лучшая статистика)
2025-07-16 11:58:21,621 [INFO] ⏳ Пауза 30.0 сек перед повтором...
2025-07-16 11:58:51,983 [WARNING] ⚠️ Ошибка генерации (попытка 3/5): 429 Resource has been exhausted (e.g. check quota).
2025-07-16 11:58:51,984 [WARNING] 🔄 Переключение на ключ #2 (лучшая статистика)
2025-07-16 11:58:51,984 [INFO] ⏳ Пауза 60.0 сек перед повтором...
2025-07-16 11:59:52,533 [WARNING] ⚠️ Ошибка генерации (попытка 4/5): 429 Resource has been exhausted (e.g. check quota).
2025-07-16 11:59:52,533 [WARNING] 🔄 Переключение на ключ #1 (лучшая статистика)
2025-07-16 11:59:52,534 [INFO] ⏳ Пауза 120.0 сек перед повтором...
2025-07-16 12:01:53,181 [WARNING] ⚠️ Ошибка генерации (попытка 5/5): 429 Resource has been exhausted (e.g. check quota).
2025-07-16 12:01:53,181 [WARNING] 🔄 Переключение на ключ #2 (лучшая статистика)
2025-07-16 12:01:53,182 [ERROR] ❌ Критическая ошибка при обработке записи #2371: Не удалось создать эмбеддинг после 5 попыток
2025-07-16 12:02:15,353 [INFO] 💾 Данные сохранены в /home/neurocoderz/Projects/Holograms.Media/GitHub/holograms.media-main/tria-genkit-core/holographic_memory_v1.json
2025-07-16 12:02:15,353 [INFO] 🎉 Обработка завершена!
2025-07-16 12:02:15,353 [INFO] 📊 Финальная статистика:
2025-07-16 12:02:15,354 [INFO]    • Обработано записей: 0
2025-07-16 12:02:15,354 [INFO]    • Время выполнения: 4.2 мин
2025-07-16 12:02:15,354 [INFO]    • Средняя скорость: 0.0 эмб/сек
2025-07-16 12:02:15,354 [INFO] 📊 Статистика использования ключей:
2025-07-16 12:02:15,354 [INFO]    Ключ #1: 3 запросов, успешность: 66.7%
2025-07-16 12:02:15,354 [INFO]    Ключ #2: 2 запросов, успешность: 50.0%
