           _                 _    
  __ _  __| |_ __ __ _ _ __ | |_  
 / _` |/ _` | '__/ _` | '_ \| __| 
| (_| | (_| | | | (_| | | | | |_  
 \__, |\__,_|_|  \__,_|_| |_|\__| 
    |_|                           

Version: 1.16.3, build: bd49f45a
Access web UI at http://localhost:6333/dashboard

2025-12-23T22:53:23.826197Z  WARN qdrant::settings: Config file not found: config/config
2025-12-23T22:53:23.826238Z  WARN qdrant::settings: Config file not found: config/development
2025-12-23T22:53:23.826500Z  INFO storage::content_manager::consensus::persistent: Initializing new raft state at ./storage/raft_state.json
2025-12-23T22:53:23.845426Z  INFO qdrant: Distributed mode disabled
2025-12-23T22:53:23.845512Z  INFO qdrant: Telemetry reporting enabled, id: 2506cd20-e10a-4a72-a8a5-a94325711685
2025-12-23T22:53:23.862417Z  INFO qdrant::tonic: Qdrant gRPC listening on 6334
2025-12-23T22:53:23.862452Z  INFO qdrant::tonic: TLS disabled for gRPC API
2025-12-23T22:53:23.863881Z  WARN qdrant::actix::web_ui: Static content folder for Web UI './static' does not exist
2025-12-23T22:53:23.864028Z  INFO qdrant::actix: TLS disabled for REST API
2025-12-23T22:53:23.864097Z  INFO qdrant::actix: Qdrant HTTP listening on 6333
2025-12-23T22:53:23.864103Z  INFO actix_server::builder: starting 11 workers
2025-12-23T22:53:23.864109Z  INFO actix_server::server: Actix runtime found; starting in Actix runtime
2025-12-23T22:53:23.864118Z  INFO actix_server::server: starting service: "actix-web-service-0.0.0.0:6333", workers: 11, listening on: 0.0.0.0:6333
2025-12-23T22:56:15.185480Z  INFO actix_server::server: SIGTERM received; starting graceful shutdown
2025-12-23T22:56:15.185596Z  INFO actix_server::worker: shutting down idle worker
2025-12-23T22:56:15.185595Z  INFO actix_server::worker: shutting down idle worker
2025-12-23T22:56:15.185597Z  INFO actix_server::worker: shutting down idle worker
2025-12-23T22:56:15.185606Z  INFO actix_server::worker: shutting down idle worker
2025-12-23T22:56:15.185611Z  INFO actix_server::worker: shutting down idle worker
2025-12-23T22:56:15.185581Z  INFO actix_server::accept: accept thread stopped
2025-12-23T22:56:15.185616Z  INFO actix_server::worker: shutting down idle worker
2025-12-23T22:56:15.185676Z  INFO actix_server::worker: shutting down idle worker
2025-12-23T22:56:15.185684Z  INFO actix_server::worker: shutting down idle worker
2025-12-23T22:56:15.185707Z  INFO actix_server::worker: shutting down idle worker
2025-12-23T22:56:15.185746Z  INFO actix_server::worker: shutting down idle worker
2025-12-23T22:56:15.186896Z  INFO actix_server::worker: shutting down idle worker
